[2022-09-15T18:35:12.790+0700][gc,heap] Heap region size: 1M
[2022-09-15T18:35:12.804+0700][gc     ] Using G1
[2022-09-15T18:35:12.804+0700][gc,heap,coops] Heap address: 0x00000000c0000000, size: 1024 MB, Compressed Oops mode: 32-bit
[2022-09-15T18:35:12.804+0700][gc,cds       ] Mark closed archive regions in map: [0x00000000fff00000, 0x00000000fff6aff8]
[2022-09-15T18:35:12.804+0700][gc,cds       ] Mark open archive regions in map: [0x00000000ffe00000, 0x00000000ffe47ff8]
[2022-09-15T18:35:15.958+0700][gc,start     ] GC(0) Pause Young (Normal) (G1 Evacuation Pause)
[2022-09-15T18:35:15.959+0700][gc,task      ] GC(0) Using 4 workers of 4 for evacuation
[2022-09-15T18:35:15.972+0700][gc,phases    ] GC(0)   Pre Evacuate Collection Set: 0,0ms
[2022-09-15T18:35:15.972+0700][gc,phases    ] GC(0)   Evacuate Collection Set: 12,7ms
[2022-09-15T18:35:15.972+0700][gc,phases    ] GC(0)   Post Evacuate Collection Set: 0,8ms
[2022-09-15T18:35:15.973+0700][gc,phases    ] GC(0)   Other: 0,7ms
[2022-09-15T18:35:15.973+0700][gc,heap      ] GC(0) Eden regions: 51->0(44)
[2022-09-15T18:35:15.973+0700][gc,heap      ] GC(0) Survivor regions: 0->7(7)
[2022-09-15T18:35:15.973+0700][gc,heap      ] GC(0) Old regions: 2->2
[2022-09-15T18:35:15.973+0700][gc,heap      ] GC(0) Humongous regions: 0->0
[2022-09-15T18:35:15.973+0700][gc,metaspace ] GC(0) Metaspace: 14941K->14941K(1062912K)
[2022-09-15T18:35:15.973+0700][gc           ] GC(0) Pause Young (Normal) (G1 Evacuation Pause) 51M->7M(1024M) 14,330ms
[2022-09-15T18:35:15.973+0700][gc,cpu       ] GC(0) User=0,04s Sys=0,00s Real=0,01s
[2022-09-15T18:35:17.279+0700][gc,start     ] GC(1) Pause Young (Concurrent Start) (Metadata GC Threshold)
[2022-09-15T18:35:17.279+0700][gc,task      ] GC(1) Using 4 workers of 4 for evacuation
[2022-09-15T18:35:17.295+0700][gc,phases    ] GC(1)   Pre Evacuate Collection Set: 0,1ms
[2022-09-15T18:35:17.295+0700][gc,phases    ] GC(1)   Evacuate Collection Set: 14,9ms
[2022-09-15T18:35:17.295+0700][gc,phases    ] GC(1)   Post Evacuate Collection Set: 0,9ms
[2022-09-15T18:35:17.295+0700][gc,phases    ] GC(1)   Other: 0,4ms
[2022-09-15T18:35:17.295+0700][gc,heap      ] GC(1) Eden regions: 23->0(50)
[2022-09-15T18:35:17.295+0700][gc,heap      ] GC(1) Survivor regions: 7->1(7)
[2022-09-15T18:35:17.295+0700][gc,heap      ] GC(1) Old regions: 2->9
[2022-09-15T18:35:17.295+0700][gc,heap      ] GC(1) Humongous regions: 0->0
[2022-09-15T18:35:17.295+0700][gc,metaspace ] GC(1) Metaspace: 20579K->20579K(1067008K)
[2022-09-15T18:35:17.295+0700][gc           ] GC(1) Pause Young (Concurrent Start) (Metadata GC Threshold) 29M->8M(1024M) 16,392ms
[2022-09-15T18:35:17.295+0700][gc,cpu       ] GC(1) User=0,05s Sys=0,00s Real=0,01s
[2022-09-15T18:35:17.295+0700][gc           ] GC(2) Concurrent Cycle
[2022-09-15T18:35:17.295+0700][gc,marking   ] GC(2) Concurrent Clear Claimed Marks
[2022-09-15T18:35:17.295+0700][gc,marking   ] GC(2) Concurrent Clear Claimed Marks 0,078ms
[2022-09-15T18:35:17.295+0700][gc,marking   ] GC(2) Concurrent Scan Root Regions
[2022-09-15T18:35:17.297+0700][gc,marking   ] GC(2) Concurrent Scan Root Regions 1,191ms
[2022-09-15T18:35:17.297+0700][gc,marking   ] GC(2) Concurrent Mark (4,513s)
[2022-09-15T18:35:17.297+0700][gc,marking   ] GC(2) Concurrent Mark From Roots
[2022-09-15T18:35:17.297+0700][gc,task      ] GC(2) Using 1 workers of 1 for marking
[2022-09-15T18:35:17.317+0700][gc,marking   ] GC(2) Concurrent Mark From Roots 20,627ms
[2022-09-15T18:35:17.317+0700][gc,marking   ] GC(2) Concurrent Preclean
[2022-09-15T18:35:17.318+0700][gc,marking   ] GC(2) Concurrent Preclean 0,119ms
[2022-09-15T18:35:17.318+0700][gc,marking   ] GC(2) Concurrent Mark (4,513s, 4,534s) 20,834ms
[2022-09-15T18:35:17.318+0700][gc,start     ] GC(2) Pause Remark
[2022-09-15T18:35:17.324+0700][gc,stringtable] GC(2) Cleaned string and symbol table, strings: 5056 processed, 0 removed, symbols: 50507 processed, 41 removed
[2022-09-15T18:35:17.324+0700][gc            ] GC(2) Pause Remark 8M->8M(1024M) 6,744ms
[2022-09-15T18:35:17.325+0700][gc,cpu        ] GC(2) User=0,01s Sys=0,00s Real=0,00s
[2022-09-15T18:35:17.325+0700][gc,marking    ] GC(2) Concurrent Rebuild Remembered Sets
[2022-09-15T18:35:17.331+0700][gc,marking    ] GC(2) Concurrent Rebuild Remembered Sets 6,613ms
[2022-09-15T18:35:17.332+0700][gc,start      ] GC(2) Pause Cleanup
[2022-09-15T18:35:17.333+0700][gc            ] GC(2) Pause Cleanup 8M->8M(1024M) 0,394ms
[2022-09-15T18:35:17.333+0700][gc,cpu        ] GC(2) User=0,00s Sys=0,00s Real=0,00s
[2022-09-15T18:35:17.333+0700][gc,marking    ] GC(2) Concurrent Cleanup for Next Mark
[2022-09-15T18:35:17.344+0700][gc,marking    ] GC(2) Concurrent Cleanup for Next Mark 10,787ms
[2022-09-15T18:35:17.344+0700][gc            ] GC(2) Concurrent Cycle 48,294ms
[2022-09-15T18:35:27.643+0700][gc,start      ] GC(3) Pause Young (Normal) (G1 Evacuation Pause)
[2022-09-15T18:35:27.644+0700][gc,task       ] GC(3) Using 4 workers of 4 for evacuation
[2022-09-15T18:35:27.651+0700][gc,phases     ] GC(3)   Pre Evacuate Collection Set: 0,1ms
[2022-09-15T18:35:27.651+0700][gc,phases     ] GC(3)   Evacuate Collection Set: 6,3ms
[2022-09-15T18:35:27.651+0700][gc,phases     ] GC(3)   Post Evacuate Collection Set: 1,1ms
[2022-09-15T18:35:27.651+0700][gc,phases     ] GC(3)   Other: 0,4ms
[2022-09-15T18:35:27.651+0700][gc,heap       ] GC(3) Eden regions: 50->0(47)
[2022-09-15T18:35:27.651+0700][gc,heap       ] GC(3) Survivor regions: 1->4(7)
[2022-09-15T18:35:27.651+0700][gc,heap       ] GC(3) Old regions: 9->9
[2022-09-15T18:35:27.651+0700][gc,heap       ] GC(3) Humongous regions: 129->129
[2022-09-15T18:35:27.651+0700][gc,metaspace  ] GC(3) Metaspace: 29288K->29288K(1075200K)
[2022-09-15T18:35:27.651+0700][gc            ] GC(3) Pause Young (Normal) (G1 Evacuation Pause) 187M->139M(1024M) 7,973ms
[2022-09-15T18:35:27.651+0700][gc,cpu        ] GC(3) User=0,02s Sys=0,01s Real=0,01s
[2022-09-15T18:35:28.959+0700][gc,start      ] GC(4) Pause Young (Concurrent Start) (Metadata GC Threshold)
[2022-09-15T18:35:28.959+0700][gc,task       ] GC(4) Using 4 workers of 4 for evacuation
[2022-09-15T18:35:28.977+0700][gc,phases     ] GC(4)   Pre Evacuate Collection Set: 0,2ms
[2022-09-15T18:35:28.978+0700][gc,phases     ] GC(4)   Evacuate Collection Set: 17,0ms
[2022-09-15T18:35:28.978+0700][gc,phases     ] GC(4)   Post Evacuate Collection Set: 1,1ms
[2022-09-15T18:35:28.978+0700][gc,phases     ] GC(4)   Other: 0,4ms
[2022-09-15T18:35:28.978+0700][gc,heap       ] GC(4) Eden regions: 32->0(44)
[2022-09-15T18:35:28.978+0700][gc,heap       ] GC(4) Survivor regions: 4->7(7)
[2022-09-15T18:35:28.978+0700][gc,heap       ] GC(4) Old regions: 9->9
[2022-09-15T18:35:28.978+0700][gc,heap       ] GC(4) Humongous regions: 129->129
[2022-09-15T18:35:28.978+0700][gc,metaspace  ] GC(4) Metaspace: 34348K->34348K(1081344K)
[2022-09-15T18:35:28.978+0700][gc            ] GC(4) Pause Young (Concurrent Start) (Metadata GC Threshold) 170M->142M(1024M) 18,864ms
[2022-09-15T18:35:28.978+0700][gc,cpu        ] GC(4) User=0,04s Sys=0,00s Real=0,02s
[2022-09-15T18:35:28.978+0700][gc            ] GC(5) Concurrent Cycle
[2022-09-15T18:35:28.978+0700][gc,marking    ] GC(5) Concurrent Clear Claimed Marks
[2022-09-15T18:35:28.978+0700][gc,marking    ] GC(5) Concurrent Clear Claimed Marks 0,194ms
[2022-09-15T18:35:28.978+0700][gc,marking    ] GC(5) Concurrent Scan Root Regions
[2022-09-15T18:35:28.987+0700][gc,marking    ] GC(5) Concurrent Scan Root Regions 8,607ms
[2022-09-15T18:35:28.987+0700][gc,marking    ] GC(5) Concurrent Mark (16,204s)
[2022-09-15T18:35:28.987+0700][gc,marking    ] GC(5) Concurrent Mark From Roots
[2022-09-15T18:35:28.987+0700][gc,task       ] GC(5) Using 1 workers of 1 for marking
[2022-09-15T18:35:29.026+0700][gc,marking    ] GC(5) Concurrent Mark From Roots 38,962ms
[2022-09-15T18:35:29.026+0700][gc,marking    ] GC(5) Concurrent Preclean
[2022-09-15T18:35:29.026+0700][gc,marking    ] GC(5) Concurrent Preclean 0,131ms
[2022-09-15T18:35:29.026+0700][gc,marking    ] GC(5) Concurrent Mark (16,204s, 16,243s) 39,188ms
[2022-09-15T18:35:29.026+0700][gc,start      ] GC(5) Pause Remark
[2022-09-15T18:35:29.031+0700][gc,stringtable] GC(5) Cleaned string and symbol table, strings: 10423 processed, 9 removed, symbols: 80727 processed, 18 removed
[2022-09-15T18:35:29.031+0700][gc            ] GC(5) Pause Remark 144M->144M(1024M) 4,889ms
[2022-09-15T18:35:29.031+0700][gc,cpu        ] GC(5) User=0,01s Sys=0,00s Real=0,01s
[2022-09-15T18:35:29.031+0700][gc,marking    ] GC(5) Concurrent Rebuild Remembered Sets
[2022-09-15T18:35:29.043+0700][gc,marking    ] GC(5) Concurrent Rebuild Remembered Sets 11,355ms
[2022-09-15T18:35:29.043+0700][gc,start      ] GC(5) Pause Cleanup
[2022-09-15T18:35:29.044+0700][gc            ] GC(5) Pause Cleanup 145M->145M(1024M) 0,398ms
[2022-09-15T18:35:29.044+0700][gc,cpu        ] GC(5) User=0,00s Sys=0,00s Real=0,00s
[2022-09-15T18:35:29.044+0700][gc,marking    ] GC(5) Concurrent Cleanup for Next Mark
[2022-09-15T18:35:29.062+0700][gc,marking    ] GC(5) Concurrent Cleanup for Next Mark 17,725ms
[2022-09-15T18:35:29.062+0700][gc            ] GC(5) Concurrent Cycle 83,967ms
[2022-09-15T18:35:41.846+0700][gc,start      ] GC(6) Pause Young (Normal) (G1 Evacuation Pause)
[2022-09-15T18:35:41.846+0700][gc,task       ] GC(6) Using 4 workers of 4 for evacuation
[2022-09-15T18:35:41.861+0700][gc,phases     ] GC(6)   Pre Evacuate Collection Set: 0,1ms
[2022-09-15T18:35:41.861+0700][gc,phases     ] GC(6)   Evacuate Collection Set: 14,1ms
[2022-09-15T18:35:41.861+0700][gc,phases     ] GC(6)   Post Evacuate Collection Set: 1,1ms
[2022-09-15T18:35:41.861+0700][gc,phases     ] GC(6)   Other: 0,4ms
[2022-09-15T18:35:41.861+0700][gc,heap       ] GC(6) Eden regions: 44->0(45)
[2022-09-15T18:35:41.861+0700][gc,heap       ] GC(6) Survivor regions: 7->6(7)
[2022-09-15T18:35:41.861+0700][gc,heap       ] GC(6) Old regions: 9->12
[2022-09-15T18:35:41.861+0700][gc,heap       ] GC(6) Humongous regions: 135->129
[2022-09-15T18:35:41.861+0700][gc,metaspace  ] GC(6) Metaspace: 41671K->41671K(1087488K)
[2022-09-15T18:35:41.862+0700][gc            ] GC(6) Pause Young (Normal) (G1 Evacuation Pause) 192M->145M(1024M) 15,807ms
[2022-09-15T18:35:41.862+0700][gc,cpu        ] GC(6) User=0,04s Sys=0,00s Real=0,02s
[2022-09-15T18:56:42.835+0700][gc,start      ] GC(7) Pause Young (Normal) (G1 Evacuation Pause)
[2022-09-15T18:56:42.835+0700][gc,task       ] GC(7) Using 4 workers of 4 for evacuation
[2022-09-15T18:56:42.850+0700][gc,phases     ] GC(7)   Pre Evacuate Collection Set: 0,1ms
[2022-09-15T18:56:42.850+0700][gc,phases     ] GC(7)   Evacuate Collection Set: 12,9ms
[2022-09-15T18:56:42.850+0700][gc,phases     ] GC(7)   Post Evacuate Collection Set: 1,5ms
[2022-09-15T18:56:42.850+0700][gc,phases     ] GC(7)   Other: 0,4ms
[2022-09-15T18:56:42.850+0700][gc,heap       ] GC(7) Eden regions: 45->0(47)
[2022-09-15T18:56:42.850+0700][gc,heap       ] GC(7) Survivor regions: 6->4(7)
[2022-09-15T18:56:42.850+0700][gc,heap       ] GC(7) Old regions: 12->15
[2022-09-15T18:56:42.850+0700][gc,heap       ] GC(7) Humongous regions: 129->129
[2022-09-15T18:56:42.850+0700][gc,metaspace  ] GC(7) Metaspace: 43996K->43996K(1089536K)
[2022-09-15T18:56:42.850+0700][gc            ] GC(7) Pause Young (Normal) (G1 Evacuation Pause) 190M->146M(1024M) 15,048ms
[2022-09-15T18:56:42.850+0700][gc,cpu        ] GC(7) User=0,05s Sys=0,00s Real=0,02s
[2022-09-15T19:27:22.835+0700][gc,start      ] GC(8) Pause Young (Normal) (G1 Evacuation Pause)
[2022-09-15T19:27:22.835+0700][gc,task       ] GC(8) Using 4 workers of 4 for evacuation
[2022-09-15T19:27:22.845+0700][gc,phases     ] GC(8)   Pre Evacuate Collection Set: 0,1ms
[2022-09-15T19:27:22.845+0700][gc,phases     ] GC(8)   Evacuate Collection Set: 8,6ms
[2022-09-15T19:27:22.845+0700][gc,phases     ] GC(8)   Post Evacuate Collection Set: 1,2ms
[2022-09-15T19:27:22.845+0700][gc,phases     ] GC(8)   Other: 0,4ms
[2022-09-15T19:27:22.845+0700][gc,heap       ] GC(8) Eden regions: 47->0(47)
[2022-09-15T19:27:22.845+0700][gc,heap       ] GC(8) Survivor regions: 4->4(7)
[2022-09-15T19:27:22.846+0700][gc,heap       ] GC(8) Old regions: 15->15
[2022-09-15T19:27:22.846+0700][gc,heap       ] GC(8) Humongous regions: 129->129
[2022-09-15T19:27:22.846+0700][gc,metaspace  ] GC(8) Metaspace: 44211K->44211K(1089536K)
[2022-09-15T19:27:22.846+0700][gc            ] GC(8) Pause Young (Normal) (G1 Evacuation Pause) 193M->146M(1024M) 10,489ms
[2022-09-15T19:27:22.846+0700][gc,cpu        ] GC(8) User=0,03s Sys=0,00s Real=0,01s
[2022-09-15T19:57:47.835+0700][gc,start      ] GC(9) Pause Young (Normal) (G1 Evacuation Pause)
[2022-09-15T19:57:47.835+0700][gc,task       ] GC(9) Using 4 workers of 4 for evacuation
[2022-09-15T19:57:47.846+0700][gc,phases     ] GC(9)   Pre Evacuate Collection Set: 0,1ms
[2022-09-15T19:57:47.846+0700][gc,phases     ] GC(9)   Evacuate Collection Set: 8,8ms
[2022-09-15T19:57:47.846+0700][gc,phases     ] GC(9)   Post Evacuate Collection Set: 1,3ms
[2022-09-15T19:57:47.846+0700][gc,phases     ] GC(9)   Other: 0,5ms
[2022-09-15T19:57:47.846+0700][gc,heap       ] GC(9) Eden regions: 47->0(49)
[2022-09-15T19:57:47.846+0700][gc,heap       ] GC(9) Survivor regions: 4->2(7)
[2022-09-15T19:57:47.846+0700][gc,heap       ] GC(9) Old regions: 15->17
[2022-09-15T19:57:47.846+0700][gc,heap       ] GC(9) Humongous regions: 129->129
[2022-09-15T19:57:47.846+0700][gc,metaspace  ] GC(9) Metaspace: 44327K->44327K(1089536K)
[2022-09-15T19:57:47.846+0700][gc            ] GC(9) Pause Young (Normal) (G1 Evacuation Pause) 193M->146M(1024M) 10,741ms
[2022-09-15T19:57:47.846+0700][gc,cpu        ] GC(9) User=0,04s Sys=0,00s Real=0,01s
[2022-09-15T20:30:34.899+0700][gc,start      ] GC(10) Pause Young (Normal) (G1 Evacuation Pause)
[2022-09-15T20:30:34.900+0700][gc,task       ] GC(10) Using 4 workers of 4 for evacuation
[2022-09-15T20:30:34.906+0700][gc,phases     ] GC(10)   Pre Evacuate Collection Set: 0,1ms
[2022-09-15T20:30:34.907+0700][gc,phases     ] GC(10)   Evacuate Collection Set: 5,5ms
[2022-09-15T20:30:34.907+0700][gc,phases     ] GC(10)   Post Evacuate Collection Set: 1,0ms
[2022-09-15T20:30:34.907+0700][gc,phases     ] GC(10)   Other: 0,5ms
[2022-09-15T20:30:34.907+0700][gc,heap       ] GC(10) Eden regions: 49->0(49)
[2022-09-15T20:30:34.907+0700][gc,heap       ] GC(10) Survivor regions: 2->2(7)
[2022-09-15T20:30:34.907+0700][gc,heap       ] GC(10) Old regions: 17->17
[2022-09-15T20:30:34.907+0700][gc,heap       ] GC(10) Humongous regions: 129->129
[2022-09-15T20:30:34.907+0700][gc,metaspace  ] GC(10) Metaspace: 44359K->44359K(1089536K)
[2022-09-15T20:30:34.907+0700][gc            ] GC(10) Pause Young (Normal) (G1 Evacuation Pause) 195M->146M(1024M) 7,240ms
[2022-09-15T20:30:34.907+0700][gc,cpu        ] GC(10) User=0,02s Sys=0,00s Real=0,00s
[2022-09-15T21:02:06.902+0700][gc,start      ] GC(11) Pause Young (Normal) (G1 Evacuation Pause)
[2022-09-15T21:02:06.902+0700][gc,task       ] GC(11) Using 4 workers of 4 for evacuation
[2022-09-15T21:02:06.909+0700][gc,phases     ] GC(11)   Pre Evacuate Collection Set: 0,1ms
[2022-09-15T21:02:06.909+0700][gc,phases     ] GC(11)   Evacuate Collection Set: 5,6ms
[2022-09-15T21:02:06.909+0700][gc,phases     ] GC(11)   Post Evacuate Collection Set: 1,0ms
[2022-09-15T21:02:06.909+0700][gc,phases     ] GC(11)   Other: 0,5ms
[2022-09-15T21:02:06.909+0700][gc,heap       ] GC(11) Eden regions: 49->0(50)
[2022-09-15T21:02:06.909+0700][gc,heap       ] GC(11) Survivor regions: 2->2(7)
[2022-09-15T21:02:06.909+0700][gc,heap       ] GC(11) Old regions: 17->17
[2022-09-15T21:02:06.909+0700][gc,heap       ] GC(11) Humongous regions: 129->129
[2022-09-15T21:02:06.909+0700][gc,metaspace  ] GC(11) Metaspace: 44385K->44385K(1089536K)
[2022-09-15T21:02:06.909+0700][gc            ] GC(11) Pause Young (Normal) (G1 Evacuation Pause) 195M->146M(1024M) 7,340ms
[2022-09-15T21:02:06.909+0700][gc,cpu        ] GC(11) User=0,02s Sys=0,00s Real=0,01s
[2022-09-15T21:35:33.501+0700][gc,start      ] GC(12) Pause Young (Normal) (G1 Evacuation Pause)
[2022-09-15T21:35:33.501+0700][gc,task       ] GC(12) Using 4 workers of 4 for evacuation
[2022-09-15T21:35:33.506+0700][gc,phases     ] GC(12)   Pre Evacuate Collection Set: 0,1ms
[2022-09-15T21:35:33.506+0700][gc,phases     ] GC(12)   Evacuate Collection Set: 4,2ms
[2022-09-15T21:35:33.506+0700][gc,phases     ] GC(12)   Post Evacuate Collection Set: 0,8ms
[2022-09-15T21:35:33.506+0700][gc,phases     ] GC(12)   Other: 0,4ms
[2022-09-15T21:35:33.506+0700][gc,heap       ] GC(12) Eden regions: 50->0(55)
[2022-09-15T21:35:33.506+0700][gc,heap       ] GC(12) Survivor regions: 2->2(7)
[2022-09-15T21:35:33.506+0700][gc,heap       ] GC(12) Old regions: 17->17
[2022-09-15T21:35:33.506+0700][gc,heap       ] GC(12) Humongous regions: 129->129
[2022-09-15T21:35:33.506+0700][gc,metaspace  ] GC(12) Metaspace: 44398K->44398K(1089536K)
[2022-09-15T21:35:33.506+0700][gc            ] GC(12) Pause Young (Normal) (G1 Evacuation Pause) 196M->146M(1024M) 5,575ms
[2022-09-15T21:35:33.506+0700][gc,cpu        ] GC(12) User=0,01s Sys=0,00s Real=0,00s
