[2022-05-28T15:17:13.816+0700][gc,heap] Heap region size: 1M
[2022-05-28T15:17:13.829+0700][gc     ] Using G1
[2022-05-28T15:17:13.829+0700][gc,heap,coops] Heap address: 0x00000000c0000000, size: 1024 MB, Compressed Oops mode: 32-bit
[2022-05-28T15:17:13.829+0700][gc,cds       ] Mark closed archive regions in map: [0x00000000fff00000, 0x00000000fff6aff8]
[2022-05-28T15:17:13.829+0700][gc,cds       ] Mark open archive regions in map: [0x00000000ffe00000, 0x00000000ffe46ff8]
[2022-05-28T15:17:16.253+0700][gc,start     ] GC(0) Pause Young (Normal) (G1 Evacuation Pause)
[2022-05-28T15:17:16.253+0700][gc,task      ] GC(0) Using 4 workers of 4 for evacuation
[2022-05-28T15:17:16.270+0700][gc,phases    ] GC(0)   Pre Evacuate Collection Set: 0,0ms
[2022-05-28T15:17:16.270+0700][gc,phases    ] GC(0)   Evacuate Collection Set: 15,4ms
[2022-05-28T15:17:16.270+0700][gc,phases    ] GC(0)   Post Evacuate Collection Set: 1,1ms
[2022-05-28T15:17:16.271+0700][gc,phases    ] GC(0)   Other: 0,7ms
[2022-05-28T15:17:16.271+0700][gc,heap      ] GC(0) Eden regions: 51->0(44)
[2022-05-28T15:17:16.271+0700][gc,heap      ] GC(0) Survivor regions: 0->7(7)
[2022-05-28T15:17:16.271+0700][gc,heap      ] GC(0) Old regions: 2->2
[2022-05-28T15:17:16.271+0700][gc,heap      ] GC(0) Humongous regions: 0->0
[2022-05-28T15:17:16.271+0700][gc,metaspace ] GC(0) Metaspace: 14937K->14937K(1062912K)
[2022-05-28T15:17:16.271+0700][gc           ] GC(0) Pause Young (Normal) (G1 Evacuation Pause) 51M->7M(1024M) 17,470ms
[2022-05-28T15:17:16.271+0700][gc,cpu       ] GC(0) User=0,05s Sys=0,00s Real=0,02s
[2022-05-28T15:17:17.673+0700][gc,start     ] GC(1) Pause Young (Concurrent Start) (Metadata GC Threshold)
[2022-05-28T15:17:17.674+0700][gc,task      ] GC(1) Using 4 workers of 4 for evacuation
[2022-05-28T15:17:17.688+0700][gc,phases    ] GC(1)   Pre Evacuate Collection Set: 0,1ms
[2022-05-28T15:17:17.689+0700][gc,phases    ] GC(1)   Evacuate Collection Set: 14,1ms
[2022-05-28T15:17:17.689+0700][gc,phases    ] GC(1)   Post Evacuate Collection Set: 0,6ms
[2022-05-28T15:17:17.689+0700][gc,phases    ] GC(1)   Other: 0,4ms
[2022-05-28T15:17:17.689+0700][gc,heap      ] GC(1) Eden regions: 23->0(49)
[2022-05-28T15:17:17.689+0700][gc,heap      ] GC(1) Survivor regions: 7->2(7)
[2022-05-28T15:17:17.689+0700][gc,heap      ] GC(1) Old regions: 2->9
[2022-05-28T15:17:17.689+0700][gc,heap      ] GC(1) Humongous regions: 0->0
[2022-05-28T15:17:17.689+0700][gc,metaspace ] GC(1) Metaspace: 20628K->20628K(1067008K)
[2022-05-28T15:17:17.689+0700][gc           ] GC(1) Pause Young (Concurrent Start) (Metadata GC Threshold) 30M->8M(1024M) 15,209ms
[2022-05-28T15:17:17.689+0700][gc,cpu       ] GC(1) User=0,04s Sys=0,01s Real=0,02s
[2022-05-28T15:17:17.689+0700][gc           ] GC(2) Concurrent Cycle
[2022-05-28T15:17:17.689+0700][gc,marking   ] GC(2) Concurrent Clear Claimed Marks
[2022-05-28T15:17:17.689+0700][gc,marking   ] GC(2) Concurrent Clear Claimed Marks 0,089ms
[2022-05-28T15:17:17.689+0700][gc,marking   ] GC(2) Concurrent Scan Root Regions
[2022-05-28T15:17:17.690+0700][gc,marking   ] GC(2) Concurrent Scan Root Regions 1,272ms
[2022-05-28T15:17:17.690+0700][gc,marking   ] GC(2) Concurrent Mark (3,881s)
[2022-05-28T15:17:17.690+0700][gc,marking   ] GC(2) Concurrent Mark From Roots
[2022-05-28T15:17:17.690+0700][gc,task      ] GC(2) Using 1 workers of 1 for marking
[2022-05-28T15:17:17.704+0700][gc,marking   ] GC(2) Concurrent Mark From Roots 13,411ms
[2022-05-28T15:17:17.704+0700][gc,marking   ] GC(2) Concurrent Preclean
[2022-05-28T15:17:17.704+0700][gc,marking   ] GC(2) Concurrent Preclean 0,153ms
[2022-05-28T15:17:17.704+0700][gc,marking   ] GC(2) Concurrent Mark (3,881s, 3,895s) 13,678ms
[2022-05-28T15:17:17.704+0700][gc,start     ] GC(2) Pause Remark
[2022-05-28T15:17:17.712+0700][gc,stringtable] GC(2) Cleaned string and symbol table, strings: 5167 processed, 0 removed, symbols: 51070 processed, 45 removed
[2022-05-28T15:17:17.713+0700][gc            ] GC(2) Pause Remark 9M->9M(1024M) 9,031ms
[2022-05-28T15:17:17.713+0700][gc,cpu        ] GC(2) User=0,02s Sys=0,00s Real=0,01s
[2022-05-28T15:17:17.713+0700][gc,marking    ] GC(2) Concurrent Rebuild Remembered Sets
[2022-05-28T15:17:17.720+0700][gc,marking    ] GC(2) Concurrent Rebuild Remembered Sets 6,715ms
[2022-05-28T15:17:17.720+0700][gc,start      ] GC(2) Pause Cleanup
[2022-05-28T15:17:17.721+0700][gc            ] GC(2) Pause Cleanup 10M->10M(1024M) 0,347ms
[2022-05-28T15:17:17.721+0700][gc,cpu        ] GC(2) User=0,00s Sys=0,00s Real=0,00s
[2022-05-28T15:17:17.721+0700][gc,marking    ] GC(2) Concurrent Cleanup for Next Mark
[2022-05-28T15:17:17.731+0700][gc,marking    ] GC(2) Concurrent Cleanup for Next Mark 10,323ms
[2022-05-28T15:17:17.731+0700][gc            ] GC(2) Concurrent Cycle 42,590ms
[2022-05-28T15:17:19.380+0700][gc,start      ] GC(3) Pause Young (Normal) (G1 Evacuation Pause)
[2022-05-28T15:17:19.380+0700][gc,task       ] GC(3) Using 4 workers of 4 for evacuation
[2022-05-28T15:17:19.391+0700][gc,phases     ] GC(3)   Pre Evacuate Collection Set: 0,0ms
[2022-05-28T15:17:19.391+0700][gc,phases     ] GC(3)   Evacuate Collection Set: 9,8ms
[2022-05-28T15:17:19.391+0700][gc,phases     ] GC(3)   Post Evacuate Collection Set: 0,8ms
[2022-05-28T15:17:19.391+0700][gc,phases     ] GC(3)   Other: 0,3ms
[2022-05-28T15:17:19.391+0700][gc,heap       ] GC(3) Eden regions: 49->0(46)
[2022-05-28T15:17:19.391+0700][gc,heap       ] GC(3) Survivor regions: 2->5(7)
[2022-05-28T15:17:19.391+0700][gc,heap       ] GC(3) Old regions: 9->9
[2022-05-28T15:17:19.391+0700][gc,heap       ] GC(3) Humongous regions: 129->129
[2022-05-28T15:17:19.391+0700][gc,metaspace  ] GC(3) Metaspace: 29040K->29040K(1075200K)
[2022-05-28T15:17:19.391+0700][gc            ] GC(3) Pause Young (Normal) (G1 Evacuation Pause) 186M->140M(1024M) 11,031ms
[2022-05-28T15:17:19.391+0700][gc,cpu        ] GC(3) User=0,03s Sys=0,00s Real=0,01s
[2022-05-28T15:17:20.317+0700][gc,start      ] GC(4) Pause Young (Concurrent Start) (GCLocker Initiated GC)
[2022-05-28T15:17:20.317+0700][gc,task       ] GC(4) Using 4 workers of 4 for evacuation
[2022-05-28T15:17:20.328+0700][gc,phases     ] GC(4)   Pre Evacuate Collection Set: 0,1ms
[2022-05-28T15:17:20.328+0700][gc,phases     ] GC(4)   Evacuate Collection Set: 9,9ms
[2022-05-28T15:17:20.328+0700][gc,phases     ] GC(4)   Post Evacuate Collection Set: 0,6ms
[2022-05-28T15:17:20.328+0700][gc,phases     ] GC(4)   Other: 0,3ms
[2022-05-28T15:17:20.328+0700][gc,heap       ] GC(4) Eden regions: 26->0(49)
[2022-05-28T15:17:20.328+0700][gc,heap       ] GC(4) Survivor regions: 5->2(7)
[2022-05-28T15:17:20.328+0700][gc,heap       ] GC(4) Old regions: 9->13
[2022-05-28T15:17:20.328+0700][gc,heap       ] GC(4) Humongous regions: 129->129
[2022-05-28T15:17:20.328+0700][gc,metaspace  ] GC(4) Metaspace: 34374K->34374K(1081344K)
[2022-05-28T15:17:20.328+0700][gc            ] GC(4) Pause Young (Concurrent Start) (GCLocker Initiated GC) 166M->142M(1024M) 11,219ms
[2022-05-28T15:17:20.328+0700][gc,cpu        ] GC(4) User=0,02s Sys=0,02s Real=0,02s
[2022-05-28T15:17:20.328+0700][gc            ] GC(5) Concurrent Cycle
[2022-05-28T15:17:20.328+0700][gc,marking    ] GC(5) Concurrent Clear Claimed Marks
[2022-05-28T15:17:20.328+0700][gc,marking    ] GC(5) Concurrent Clear Claimed Marks 0,133ms
[2022-05-28T15:17:20.328+0700][gc,marking    ] GC(5) Concurrent Scan Root Regions
[2022-05-28T15:17:20.331+0700][gc,marking    ] GC(5) Concurrent Scan Root Regions 2,639ms
[2022-05-28T15:17:20.331+0700][gc,marking    ] GC(5) Concurrent Mark (6,522s)
[2022-05-28T15:17:20.331+0700][gc,marking    ] GC(5) Concurrent Mark From Roots
[2022-05-28T15:17:20.331+0700][gc,task       ] GC(5) Using 1 workers of 1 for marking
[2022-05-28T15:17:20.376+0700][gc,marking    ] GC(5) Concurrent Mark From Roots 45,411ms
[2022-05-28T15:17:20.376+0700][gc,marking    ] GC(5) Concurrent Preclean
[2022-05-28T15:17:20.377+0700][gc,marking    ] GC(5) Concurrent Preclean 0,104ms
[2022-05-28T15:17:20.377+0700][gc,marking    ] GC(5) Concurrent Mark (6,522s, 6,567s) 45,626ms
[2022-05-28T15:17:20.380+0700][gc,start      ] GC(5) Pause Remark
[2022-05-28T15:17:20.386+0700][gc,stringtable] GC(5) Cleaned string and symbol table, strings: 10328 processed, 11 removed, symbols: 83483 processed, 15 removed
[2022-05-28T15:17:20.387+0700][gc            ] GC(5) Pause Remark 146M->146M(1024M) 6,410ms
[2022-05-28T15:17:20.387+0700][gc,cpu        ] GC(5) User=0,02s Sys=0,00s Real=0,01s
[2022-05-28T15:17:20.387+0700][gc,marking    ] GC(5) Concurrent Rebuild Remembered Sets
[2022-05-28T15:17:20.402+0700][gc,marking    ] GC(5) Concurrent Rebuild Remembered Sets 14,408ms
[2022-05-28T15:17:20.402+0700][gc,start      ] GC(5) Pause Cleanup
[2022-05-28T15:17:20.402+0700][gc            ] GC(5) Pause Cleanup 146M->146M(1024M) 0,562ms
[2022-05-28T15:17:20.402+0700][gc,cpu        ] GC(5) User=0,01s Sys=0,00s Real=0,00s
[2022-05-28T15:17:20.403+0700][gc,marking    ] GC(5) Concurrent Cleanup for Next Mark
[2022-05-28T15:17:20.415+0700][gc,marking    ] GC(5) Concurrent Cleanup for Next Mark 12,675ms
[2022-05-28T15:17:20.415+0700][gc            ] GC(5) Concurrent Cycle 87,386ms
[2022-05-28T15:54:34.360+0700][gc,start      ] GC(6) Pause Young (Concurrent Start) (G1 Evacuation Pause)
[2022-05-28T15:54:34.458+0700][gc,task       ] GC(6) Using 4 workers of 4 for evacuation
[2022-05-28T15:54:34.468+0700][gc,phases     ] GC(6)   Pre Evacuate Collection Set: 0,3ms
[2022-05-28T15:54:34.468+0700][gc,phases     ] GC(6)   Evacuate Collection Set: 8,1ms
[2022-05-28T15:54:34.468+0700][gc,phases     ] GC(6)   Post Evacuate Collection Set: 1,0ms
[2022-05-28T15:54:34.468+0700][gc,phases     ] GC(6)   Other: 98,7ms
[2022-05-28T15:54:34.468+0700][gc,heap       ] GC(6) Eden regions: 49->0(48)
[2022-05-28T15:54:34.468+0700][gc,heap       ] GC(6) Survivor regions: 2->3(7)
[2022-05-28T15:54:34.468+0700][gc,heap       ] GC(6) Old regions: 13->13
[2022-05-28T15:54:34.468+0700][gc,heap       ] GC(6) Humongous regions: 129->129
[2022-05-28T15:54:34.468+0700][gc,metaspace  ] GC(6) Metaspace: 40362K->40362K(1085440K)
[2022-05-28T15:54:34.468+0700][gc            ] GC(6) Pause Young (Concurrent Start) (G1 Evacuation Pause) 191M->143M(1024M) 108,172ms
[2022-05-28T15:54:34.468+0700][gc,cpu        ] GC(6) User=0,03s Sys=0,00s Real=0,11s
[2022-05-28T15:54:34.468+0700][gc            ] GC(7) Concurrent Cycle
[2022-05-28T15:54:34.468+0700][gc,marking    ] GC(7) Concurrent Clear Claimed Marks
[2022-05-28T15:54:34.468+0700][gc,marking    ] GC(7) Concurrent Clear Claimed Marks 0,273ms
[2022-05-28T15:54:34.468+0700][gc,marking    ] GC(7) Concurrent Scan Root Regions
[2022-05-28T15:54:34.472+0700][gc,marking    ] GC(7) Concurrent Scan Root Regions 3,891ms
[2022-05-28T15:54:34.473+0700][gc,marking    ] GC(7) Concurrent Mark (2240,663s)
[2022-05-28T15:54:34.473+0700][gc,marking    ] GC(7) Concurrent Mark From Roots
[2022-05-28T15:54:34.473+0700][gc,task       ] GC(7) Using 1 workers of 1 for marking
[2022-05-28T15:54:34.492+0700][gc,marking    ] GC(7) Concurrent Mark From Roots 19,697ms
[2022-05-28T15:54:34.492+0700][gc,marking    ] GC(7) Concurrent Preclean
[2022-05-28T15:54:34.493+0700][gc,marking    ] GC(7) Concurrent Preclean 0,328ms
[2022-05-28T15:54:34.493+0700][gc,marking    ] GC(7) Concurrent Mark (2240,663s, 2240,684s) 20,134ms
[2022-05-28T15:54:34.493+0700][gc,start      ] GC(7) Pause Remark
[2022-05-28T15:54:34.505+0700][gc,stringtable] GC(7) Cleaned string and symbol table, strings: 11030 processed, 320 removed, symbols: 89808 processed, 7 removed
[2022-05-28T15:54:34.505+0700][gc            ] GC(7) Pause Remark 144M->144M(1024M) 12,610ms
[2022-05-28T15:54:34.506+0700][gc,cpu        ] GC(7) User=0,04s Sys=0,00s Real=0,02s
[2022-05-28T15:54:34.506+0700][gc,marking    ] GC(7) Concurrent Rebuild Remembered Sets
[2022-05-28T15:54:34.518+0700][gc,marking    ] GC(7) Concurrent Rebuild Remembered Sets 12,188ms
[2022-05-28T15:54:34.518+0700][gc,start      ] GC(7) Pause Cleanup
[2022-05-28T15:54:34.518+0700][gc            ] GC(7) Pause Cleanup 144M->144M(1024M) 0,295ms
[2022-05-28T15:54:34.518+0700][gc,cpu        ] GC(7) User=0,00s Sys=0,00s Real=0,00s
[2022-05-28T15:54:34.518+0700][gc,marking    ] GC(7) Concurrent Cleanup for Next Mark
[2022-05-28T15:54:34.523+0700][gc,marking    ] GC(7) Concurrent Cleanup for Next Mark 4,373ms
[2022-05-28T15:54:34.523+0700][gc            ] GC(7) Concurrent Cycle 54,882ms
[2022-05-28T16:58:25.343+0700][gc,start      ] GC(8) Pause Young (Normal) (G1 Evacuation Pause)
[2022-05-28T16:58:25.542+0700][gc,task       ] GC(8) Using 4 workers of 4 for evacuation
[2022-05-28T16:58:25.553+0700][gc,phases     ] GC(8)   Pre Evacuate Collection Set: 0,1ms
[2022-05-28T16:58:25.553+0700][gc,phases     ] GC(8)   Evacuate Collection Set: 8,2ms
[2022-05-28T16:58:25.553+0700][gc,phases     ] GC(8)   Post Evacuate Collection Set: 1,4ms
[2022-05-28T16:58:25.553+0700][gc,phases     ] GC(8)   Other: 199,7ms
[2022-05-28T16:58:25.553+0700][gc,heap       ] GC(8) Eden regions: 48->0(48)
[2022-05-28T16:58:25.553+0700][gc,heap       ] GC(8) Survivor regions: 3->3(7)
[2022-05-28T16:58:25.553+0700][gc,heap       ] GC(8) Old regions: 13->13
[2022-05-28T16:58:25.553+0700][gc,heap       ] GC(8) Humongous regions: 129->129
[2022-05-28T16:58:25.553+0700][gc,metaspace  ] GC(8) Metaspace: 40513K->40513K(1085440K)
[2022-05-28T16:58:25.553+0700][gc            ] GC(8) Pause Young (Normal) (G1 Evacuation Pause) 191M->143M(1024M) 209,466ms
[2022-05-28T16:58:25.553+0700][gc,cpu        ] GC(8) User=0,04s Sys=0,00s Real=0,21s
[2022-05-28T17:25:51.822+0700][gc,start      ] GC(9) Pause Young (Normal) (G1 Evacuation Pause)
[2022-05-28T17:25:51.839+0700][gc,task       ] GC(9) Using 4 workers of 4 for evacuation
[2022-05-28T17:25:51.860+0700][gc,mmu        ] GC(9) MMU target violated: 21,0ms (20,0ms/21,0ms)
[2022-05-28T17:25:51.860+0700][gc,phases     ] GC(9)   Pre Evacuate Collection Set: 0,1ms
[2022-05-28T17:25:51.860+0700][gc,phases     ] GC(9)   Evacuate Collection Set: 17,4ms
[2022-05-28T17:25:51.860+0700][gc,phases     ] GC(9)   Post Evacuate Collection Set: 3,5ms
[2022-05-28T17:25:51.860+0700][gc,phases     ] GC(9)   Other: 17,2ms
[2022-05-28T17:25:51.860+0700][gc,heap       ] GC(9) Eden regions: 48->0(46)
[2022-05-28T17:25:51.860+0700][gc,heap       ] GC(9) Survivor regions: 3->5(7)
[2022-05-28T17:25:51.860+0700][gc,heap       ] GC(9) Old regions: 13->13
[2022-05-28T17:25:51.860+0700][gc,heap       ] GC(9) Humongous regions: 129->129
[2022-05-28T17:25:51.861+0700][gc,metaspace  ] GC(9) Metaspace: 42296K->42296K(1087488K)
[2022-05-28T17:25:51.861+0700][gc            ] GC(9) Pause Young (Normal) (G1 Evacuation Pause) 191M->145M(1024M) 38,282ms
[2022-05-28T17:25:51.861+0700][gc,cpu        ] GC(9) User=0,08s Sys=0,00s Real=0,04s
[2022-05-28T17:48:50.306+0700][gc,start      ] GC(10) Pause Young (Normal) (G1 Evacuation Pause)
[2022-05-28T17:48:50.404+0700][gc,task       ] GC(10) Using 4 workers of 4 for evacuation
[2022-05-28T17:48:50.418+0700][gc,phases     ] GC(10)   Pre Evacuate Collection Set: 0,0ms
[2022-05-28T17:48:50.418+0700][gc,phases     ] GC(10)   Evacuate Collection Set: 13,1ms
[2022-05-28T17:48:50.418+0700][gc,phases     ] GC(10)   Post Evacuate Collection Set: 1,1ms
[2022-05-28T17:48:50.419+0700][gc,phases     ] GC(10)   Other: 98,6ms
[2022-05-28T17:48:50.419+0700][gc,heap       ] GC(10) Eden regions: 46->0(46)
[2022-05-28T17:48:50.419+0700][gc,heap       ] GC(10) Survivor regions: 5->5(7)
[2022-05-28T17:48:50.419+0700][gc,heap       ] GC(10) Old regions: 13->15
[2022-05-28T17:48:50.419+0700][gc,heap       ] GC(10) Humongous regions: 129->129
[2022-05-28T17:48:50.419+0700][gc,metaspace  ] GC(10) Metaspace: 43624K->43624K(1089536K)
[2022-05-28T17:48:50.419+0700][gc            ] GC(10) Pause Young (Normal) (G1 Evacuation Pause) 191M->146M(1024M) 113,052ms
[2022-05-28T17:48:50.419+0700][gc,cpu        ] GC(10) User=0,03s Sys=0,01s Real=0,11s
[2022-05-28T18:18:55.118+0700][gc,start      ] GC(11) Pause Young (Normal) (G1 Evacuation Pause)
[2022-05-28T18:18:55.118+0700][gc,task       ] GC(11) Using 4 workers of 4 for evacuation
[2022-05-28T18:18:55.130+0700][gc,phases     ] GC(11)   Pre Evacuate Collection Set: 0,0ms
[2022-05-28T18:18:55.130+0700][gc,phases     ] GC(11)   Evacuate Collection Set: 10,7ms
[2022-05-28T18:18:55.130+0700][gc,phases     ] GC(11)   Post Evacuate Collection Set: 1,3ms
[2022-05-28T18:18:55.130+0700][gc,phases     ] GC(11)   Other: 0,4ms
[2022-05-28T18:18:55.130+0700][gc,heap       ] GC(11) Eden regions: 46->0(47)
[2022-05-28T18:18:55.130+0700][gc,heap       ] GC(11) Survivor regions: 5->4(7)
[2022-05-28T18:18:55.130+0700][gc,heap       ] GC(11) Old regions: 15->16
[2022-05-28T18:18:55.130+0700][gc,heap       ] GC(11) Humongous regions: 129->129
[2022-05-28T18:18:55.130+0700][gc,metaspace  ] GC(11) Metaspace: 43765K->43765K(1089536K)
[2022-05-28T18:18:55.130+0700][gc            ] GC(11) Pause Young (Normal) (G1 Evacuation Pause) 192M->146M(1024M) 12,558ms
[2022-05-28T18:18:55.130+0700][gc,cpu        ] GC(11) User=0,03s Sys=0,00s Real=0,01s
[2022-05-28T18:48:55.001+0700][gc,start      ] GC(12) Pause Young (Normal) (G1 Evacuation Pause)
[2022-05-28T18:48:55.002+0700][gc,task       ] GC(12) Using 4 workers of 4 for evacuation
[2022-05-28T18:48:55.014+0700][gc,phases     ] GC(12)   Pre Evacuate Collection Set: 0,0ms
[2022-05-28T18:48:55.014+0700][gc,phases     ] GC(12)   Evacuate Collection Set: 10,9ms
[2022-05-28T18:48:55.014+0700][gc,phases     ] GC(12)   Post Evacuate Collection Set: 0,9ms
[2022-05-28T18:48:55.014+0700][gc,phases     ] GC(12)   Other: 0,3ms
[2022-05-28T18:48:55.014+0700][gc,heap       ] GC(12) Eden regions: 47->0(47)
[2022-05-28T18:48:55.014+0700][gc,heap       ] GC(12) Survivor regions: 4->4(7)
[2022-05-28T18:48:55.014+0700][gc,heap       ] GC(12) Old regions: 16->16
[2022-05-28T18:48:55.014+0700][gc,heap       ] GC(12) Humongous regions: 129->129
[2022-05-28T18:48:55.014+0700][gc,metaspace  ] GC(12) Metaspace: 43772K->43772K(1089536K)
[2022-05-28T18:48:55.014+0700][gc            ] GC(12) Pause Young (Normal) (G1 Evacuation Pause) 193M->146M(1024M) 12,402ms
[2022-05-28T18:48:55.014+0700][gc,cpu        ] GC(12) User=0,03s Sys=0,01s Real=0,01s
[2022-05-28T19:20:06.949+0700][gc,start      ] GC(13) Pause Young (Normal) (G1 Evacuation Pause)
[2022-05-28T19:20:06.949+0700][gc,task       ] GC(13) Using 4 workers of 4 for evacuation
[2022-05-28T19:20:06.958+0700][gc,phases     ] GC(13)   Pre Evacuate Collection Set: 0,0ms
[2022-05-28T19:20:06.958+0700][gc,phases     ] GC(13)   Evacuate Collection Set: 7,5ms
[2022-05-28T19:20:06.958+0700][gc,phases     ] GC(13)   Post Evacuate Collection Set: 1,0ms
[2022-05-28T19:20:06.958+0700][gc,phases     ] GC(13)   Other: 0,3ms
[2022-05-28T19:20:06.958+0700][gc,heap       ] GC(13) Eden regions: 47->0(47)
[2022-05-28T19:20:06.958+0700][gc,heap       ] GC(13) Survivor regions: 4->4(7)
[2022-05-28T19:20:06.958+0700][gc,heap       ] GC(13) Old regions: 16->16
[2022-05-28T19:20:06.958+0700][gc,heap       ] GC(13) Humongous regions: 129->129
[2022-05-28T19:20:06.958+0700][gc,metaspace  ] GC(13) Metaspace: 43820K->43820K(1089536K)
[2022-05-28T19:20:06.958+0700][gc            ] GC(13) Pause Young (Normal) (G1 Evacuation Pause) 193M->146M(1024M) 9,168ms
[2022-05-28T19:20:06.958+0700][gc,cpu        ] GC(13) User=0,02s Sys=0,00s Real=0,01s
[2022-05-28T19:50:35.522+0700][gc,start      ] GC(14) Pause Young (Normal) (G1 Evacuation Pause)
[2022-05-28T19:50:35.522+0700][gc,task       ] GC(14) Using 4 workers of 4 for evacuation
[2022-05-28T19:50:35.533+0700][gc,phases     ] GC(14)   Pre Evacuate Collection Set: 0,0ms
[2022-05-28T19:50:35.534+0700][gc,phases     ] GC(14)   Evacuate Collection Set: 9,0ms
[2022-05-28T19:50:35.534+0700][gc,phases     ] GC(14)   Post Evacuate Collection Set: 2,1ms
[2022-05-28T19:50:35.534+0700][gc,phases     ] GC(14)   Other: 0,3ms
[2022-05-28T19:50:35.534+0700][gc,heap       ] GC(14) Eden regions: 47->0(50)
[2022-05-28T19:50:35.534+0700][gc,heap       ] GC(14) Survivor regions: 4->4(7)
[2022-05-28T19:50:35.534+0700][gc,heap       ] GC(14) Old regions: 16->16
[2022-05-28T19:50:35.534+0700][gc,heap       ] GC(14) Humongous regions: 129->129
[2022-05-28T19:50:35.534+0700][gc,metaspace  ] GC(14) Metaspace: 43837K->43837K(1089536K)
[2022-05-28T19:50:35.534+0700][gc            ] GC(14) Pause Young (Normal) (G1 Evacuation Pause) 193M->146M(1024M) 11,680ms
[2022-05-28T19:50:35.534+0700][gc,cpu        ] GC(14) User=0,02s Sys=0,00s Real=0,01s
[2022-05-28T20:05:01.317+0700][gc,heap,exit  ] Heap
[2022-05-28T20:05:01.317+0700][gc,heap,exit  ]  garbage-first heap   total 1048576K, used 185019K [0x00000000c0000000, 0x0000000100000000)
[2022-05-28T20:05:01.317+0700][gc,heap,exit  ]   region size 1024K, 40 young (40960K), 4 survivors (4096K)
[2022-05-28T20:05:01.317+0700][gc,heap,exit  ]  Metaspace       used 44857K, capacity 47647K, committed 47948K, reserved 1089536K
[2022-05-28T20:05:01.317+0700][gc,heap,exit  ]   class space    used 5820K, capacity 7190K, committed 7296K, reserved 1048576K
