[2022-09-15T18:34:12.561+0700][gc,heap] Heap region size: 1M
[2022-09-15T18:34:12.570+0700][gc     ] Using G1
[2022-09-15T18:34:12.570+0700][gc,heap,coops] Heap address: 0x00000000e0000000, size: 512 MB, Compressed Oops mode: 32-bit
[2022-09-15T18:34:12.570+0700][gc,cds       ] Mark closed archive regions in map: [0x00000000fff00000, 0x00000000fff6aff8]
[2022-09-15T18:34:12.570+0700][gc,cds       ] Mark open archive regions in map: [0x00000000ffe00000, 0x00000000ffe47ff8]
[2022-09-15T18:34:16.474+0700][gc,start     ] GC(0) Pause Young (Normal) (G1 Evacuation Pause)
[2022-09-15T18:34:16.475+0700][gc,task      ] GC(0) Using 4 workers of 4 for evacuation
[2022-09-15T18:34:16.492+0700][gc,phases    ] GC(0)   Pre Evacuate Collection Set: 0,0ms
[2022-09-15T18:34:16.492+0700][gc,phases    ] GC(0)   Evacuate Collection Set: 16,7ms
[2022-09-15T18:34:16.492+0700][gc,phases    ] GC(0)   Post Evacuate Collection Set: 0,6ms
[2022-09-15T18:34:16.493+0700][gc,phases    ] GC(0)   Other: 1,0ms
[2022-09-15T18:34:16.493+0700][gc,heap      ] GC(0) Eden regions: 25->0(21)
[2022-09-15T18:34:16.493+0700][gc,heap      ] GC(0) Survivor regions: 0->4(4)
[2022-09-15T18:34:16.493+0700][gc,heap      ] GC(0) Old regions: 2->5
[2022-09-15T18:34:16.493+0700][gc,heap      ] GC(0) Humongous regions: 0->0
[2022-09-15T18:34:16.493+0700][gc,metaspace ] GC(0) Metaspace: 7914K->7914K(1056768K)
[2022-09-15T18:34:16.493+0700][gc           ] GC(0) Pause Young (Normal) (G1 Evacuation Pause) 25M->7M(512M) 18,502ms
[2022-09-15T18:34:16.493+0700][gc,cpu       ] GC(0) User=0,05s Sys=0,00s Real=0,02s
