[2022-05-28T15:16:28.723+0700][gc,heap] Heap region size: 1M
[2022-05-28T15:16:28.731+0700][gc     ] Using G1
[2022-05-28T15:16:28.731+0700][gc,heap,coops] Heap address: 0x00000000e0000000, size: 512 MB, Compressed Oops mode: 32-bit
[2022-05-28T15:16:28.731+0700][gc,cds       ] Mark closed archive regions in map: [0x00000000fff00000, 0x00000000fff6aff8]
[2022-05-28T15:16:28.731+0700][gc,cds       ] Mark open archive regions in map: [0x00000000ffe00000, 0x00000000ffe46ff8]
[2022-05-28T15:16:29.878+0700][gc,start     ] GC(0) Pause Young (Normal) (G1 Evacuation Pause)
[2022-05-28T15:16:29.878+0700][gc,task      ] GC(0) Using 4 workers of 4 for evacuation
[2022-05-28T15:16:29.897+0700][gc,phases    ] GC(0)   Pre Evacuate Collection Set: 0,0ms
[2022-05-28T15:16:29.897+0700][gc,phases    ] GC(0)   Evacuate Collection Set: 17,6ms
[2022-05-28T15:16:29.897+0700][gc,phases    ] GC(0)   Post Evacuate Collection Set: 1,0ms
[2022-05-28T15:16:29.897+0700][gc,phases    ] GC(0)   Other: 0,6ms
[2022-05-28T15:16:29.897+0700][gc,heap      ] GC(0) Eden regions: 25->0(21)
[2022-05-28T15:16:29.897+0700][gc,heap      ] GC(0) Survivor regions: 0->4(4)
[2022-05-28T15:16:29.897+0700][gc,heap      ] GC(0) Old regions: 2->5
[2022-05-28T15:16:29.897+0700][gc,heap      ] GC(0) Humongous regions: 0->0
[2022-05-28T15:16:29.897+0700][gc,metaspace ] GC(0) Metaspace: 7643K->7643K(1056768K)
[2022-05-28T15:16:29.897+0700][gc           ] GC(0) Pause Young (Normal) (G1 Evacuation Pause) 25M->7M(512M) 19,441ms
[2022-05-28T15:16:29.897+0700][gc,cpu       ] GC(0) User=0,05s Sys=0,01s Real=0,01s
[2022-05-28T18:01:11.021+0700][gc,start     ] GC(1) Pause Young (Normal) (G1 Evacuation Pause)
[2022-05-28T18:01:11.050+0700][gc,task      ] GC(1) Using 4 workers of 4 for evacuation
[2022-05-28T18:01:11.064+0700][gc,phases    ] GC(1)   Pre Evacuate Collection Set: 0,0ms
[2022-05-28T18:01:11.064+0700][gc,phases    ] GC(1)   Evacuate Collection Set: 12,2ms
[2022-05-28T18:01:11.064+0700][gc,phases    ] GC(1)   Post Evacuate Collection Set: 0,6ms
[2022-05-28T18:01:11.064+0700][gc,phases    ] GC(1)   Other: 29,9ms
[2022-05-28T18:01:11.064+0700][gc,heap      ] GC(1) Eden regions: 21->0(24)
[2022-05-28T18:01:11.064+0700][gc,heap      ] GC(1) Survivor regions: 4->1(4)
[2022-05-28T18:01:11.064+0700][gc,heap      ] GC(1) Old regions: 5->9
[2022-05-28T18:01:11.064+0700][gc,heap      ] GC(1) Humongous regions: 0->0
[2022-05-28T18:01:11.064+0700][gc,metaspace ] GC(1) Metaspace: 9205K->9205K(1058816K)
[2022-05-28T18:01:11.064+0700][gc           ] GC(1) Pause Young (Normal) (G1 Evacuation Pause) 28M->8M(512M) 42,855ms
[2022-05-28T18:01:11.064+0700][gc,cpu       ] GC(1) User=0,02s Sys=0,01s Real=0,04s
[2022-05-28T20:05:08.776+0700][gc,heap,exit ] Heap
[2022-05-28T20:05:08.776+0700][gc,heap,exit ]  garbage-first heap   total 524288K, used 16471K [0x00000000e0000000, 0x0000000100000000)
[2022-05-28T20:05:08.776+0700][gc,heap,exit ]   region size 1024K, 10 young (10240K), 1 survivors (1024K)
[2022-05-28T20:05:08.776+0700][gc,heap,exit ]  Metaspace       used 9299K, capacity 9708K, committed 9856K, reserved 1058816K
[2022-05-28T20:05:08.776+0700][gc,heap,exit ]   class space    used 973K, capacity 1121K, committed 1152K, reserved 1048576K
