[2022-05-28T15:02:22.623+0700][gc,heap] Heap region size: 1M
[2022-05-28T15:02:22.632+0700][gc     ] Using G1
[2022-05-28T15:02:22.633+0700][gc,heap,coops] Heap address: 0x00000000e0000000, size: 512 MB, Compressed Oops mode: 32-bit
[2022-05-28T15:02:22.633+0700][gc,cds       ] Mark closed archive regions in map: [0x00000000fff00000, 0x00000000fff6aff8]
[2022-05-28T15:02:22.633+0700][gc,cds       ] Mark open archive regions in map: [0x00000000ffe00000, 0x00000000ffe46ff8]
[2022-05-28T15:02:23.450+0700][gc,heap,exit ] Heap
[2022-05-28T15:02:23.450+0700][gc,heap,exit ]  garbage-first heap   total 524288K, used 19144K [0x00000000e0000000, 0x0000000100000000)
[2022-05-28T15:02:23.450+0700][gc,heap,exit ]   region size 1024K, 20 young (20480K), 0 survivors (0K)
[2022-05-28T15:02:23.450+0700][gc,heap,exit ]  Metaspace       used 6429K, capacity 6737K, committed 7040K, reserved 1056768K
[2022-05-28T15:02:23.450+0700][gc,heap,exit ]   class space    used 733K, capacity 854K, committed 896K, reserved 1048576K
